 now write the matrix row-wise
   8.00
   8.00
   8.00
   8.00
  14.00
  14.00
  14.00
  14.00
  51.00
  51.00
  51.00
  51.00
6666.00
6666.00
6666.00
6666.00
 write the matrix column wise
             8.00
            14.00
            51.00
          6666.00
             8.00
            14.00
            51.00
          6666.00
             8.00
            14.00
            51.00
          6666.00
             8.00
            14.00
            51.00
          6666.00
 now the 1-D matrix b(k) = a(i,j)
     8.00
     8.00
     8.00
     8.00
    14.00
    14.00
    14.00
    14.00
    51.00
    51.00
    51.00
    51.00
  6666.00
  6666.00
  6666.00
  6666.00
 now the 1-D matrix by using formula 
     8.00
     8.00
     8.00
     8.00
    14.00
    14.00
    14.00
    14.00
    51.00
    51.00
    51.00
    51.00
  6666.00
  6666.00
  6666.00
  6666.00
 now 2-D Array from the 1D Array b(k)
     8.00   8.00   8.00   8.00
    14.00  14.00  14.00  14.00
    51.00  51.00  51.00  51.00
  6666.006666.006666.006666.00
